// Jest Snapshot v1, https://goo.gl/fbAQLP

exports[`DarkModeSwitch Should match snapshot 1`] = `
<div>
  <main>
    <div
      class="MuiBox-root css-f9wnac"
      id="test-dark-mode-switch-container"
    >
      <span
        class="MuiSwitch-root MuiSwitch-sizeMedium css-6uczze-MuiSwitch-root"
      >
        <span
          class="MuiButtonBase-root MuiSwitch-switchBase MuiSwitch-colorPrimary PrivateSwitchBase-root MuiSwitch-switchBase MuiSwitch-colorPrimary css-5ryogn-MuiButtonBase-root-MuiSwitch-switchBase"
        >
          <input
            aria-checked="false"
            aria-labelledby="test-dark-mode-switch-label-light"
            class="PrivateSwitchBase-input MuiSwitch-input css-1m9pwf3"
            id="test-dark-mode-switch"
            role="switch"
            type="checkbox"
          />
          <svg
            aria-hidden="false"
            aria-labelledby="test-dark-mode-switch-label-light"
            class="MuiSvgIcon-root MuiSvgIcon-fontSizeMedium css-aq4ggj-MuiSvgIcon-root"
            data-testid="WbSunnyIcon"
            focusable="false"
            id="test-dark-mode-switch-icon-unchecked"
            role="img"
            viewBox="0 0 24 24"
          >
            <path
              d="m6.76 4.84-1.8-1.79-1.41 1.41 1.79 1.79 1.42-1.41zM4 10.5H1v2h3v-2zm9-9.95h-2V3.5h2V.55zm7.45 3.91-1.41-1.41-1.79 1.79 1.41 1.41 1.79-1.79zm-3.21 13.7 1.79 1.8 1.41-1.41-1.8-1.79-1.4 1.4zM20 10.5v2h3v-2h-3zm-8-5c-3.31 0-6 2.69-6 6s2.69 6 6 6 6-2.69 6-6-2.69-6-6-6zm-1 16.95h2V19.5h-2v2.95zm-7.45-3.91 1.41 1.41 1.79-1.8-1.41-1.41-1.79 1.8z"
            />
          </svg>
          <span
            class="MuiTouchRipple-root css-8je8zh-MuiTouchRipple-root"
          />
        </span>
        <span
          class="MuiSwitch-track css-1yjjitx-MuiSwitch-track"
        />
      </span>
      <label
        for="test-dark-mode-switch"
      >
        <p
          class="MuiTypography-root MuiTypography-body2 css-28mjxw-MuiTypography-root"
          id="test-dark-mode-switch-label-light"
        >
          Light
          <br />
           Mode
        </p>
      </label>
    </div>
  </main>
</div>
`;
