// Jest Snapshot v1, https://goo.gl/fbAQLP

exports[`ModalNote Should match snapshot 1`] = `
<div>
  <main>
    <div
      class="MuiBox-root css-1tsywmc"
      id="test-modal-note-container"
    >
      <a
        aria-label="test"
        class="MuiTypography-root MuiTypography-inherit MuiLink-root MuiLink-underlineAlways css-1supet1-MuiTypography-root-MuiLink-root"
        href="/test"
        id="test-modal-note-link"
        title="test"
      >
        <p
          class="MuiTypography-root MuiTypography-body1 css-ba5jyk-MuiTypography-root"
          id="test-modal-note-link-text"
        >
          test
        </p>
      </a>
    </div>
  </main>
</div>
`;
