// Jest Snapshot v1, https://goo.gl/fbAQLP

exports[`NavigationButton Should match snapshot 1`] = `
<div>
  <main>
    <button
      class="MuiButtonBase-root MuiButton-root MuiButton-contained MuiButton-containedPrimary MuiButton-sizeMedium MuiButton-containedSizeMedium MuiButton-root MuiButton-contained MuiButton-containedPrimary MuiButton-sizeMedium MuiButton-containedSizeMedium css-x5y8ty-MuiButtonBase-root-MuiButton-root"
      id="test-navigation-button"
      tabindex="0"
      type="button"
    >
      test
      <span
        class="MuiTouchRipple-root css-8je8zh-MuiTouchRipple-root"
      />
    </button>
  </main>
</div>
`;
