// Jest Snapshot v1, https://goo.gl/fbAQLP

exports[`PasswordInput Should match snapshot 1`] = `
<div>
  <div
    class="MuiFormControl-root MuiTextField-root css-1f2e0lp-MuiFormControl-root-MuiTextField-root"
  >
    <label
      class="MuiFormLabel-root MuiInputLabel-root MuiInputLabel-formControl MuiInputLabel-animated MuiInputLabel-shrink MuiInputLabel-outlined MuiFormLabel-colorPrimary Mui-disabled MuiFormLabel-filled MuiInputLabel-root MuiInputLabel-formControl MuiInputLabel-animated MuiInputLabel-shrink MuiInputLabel-outlined css-1sumxir-MuiFormLabel-root-MuiInputLabel-root"
      data-shrink="true"
      for="test-password-input"
      id="test-password-input-label"
    >
      Password
    </label>
    <div
      class="MuiInputBase-root MuiOutlinedInput-root MuiInputBase-colorPrimary Mui-disabled MuiInputBase-formControl MuiInputBase-adornedEnd css-o9k5xi-MuiInputBase-root-MuiOutlinedInput-root"
    >
      <input
        aria-invalid="false"
        class="MuiInputBase-input MuiOutlinedInput-input Mui-disabled MuiInputBase-inputAdornedEnd css-nxo287-MuiInputBase-input-MuiOutlinedInput-input"
        disabled=""
        id="test-password-input"
        type="password"
        value="test"
      />
      <button
        class="MuiButtonBase-root Mui-disabled MuiIconButton-root Mui-disabled MuiIconButton-sizeMedium css-dpfpu4-MuiButtonBase-root-MuiIconButton-root"
        disabled=""
        id="test-password-input-show-hide-button"
        tabindex="-1"
        type="button"
      >
        <div
          class="MuiBox-root css-erqh4x"
          id="test-password-box"
        >
          <svg
            aria-hidden="true"
            aria-label="show password"
            class="MuiSvgIcon-root MuiSvgIcon-fontSizeMedium css-1r7mkb7-MuiSvgIcon-root"
            data-testid="VisibilityOffIcon"
            focusable="false"
            id="test-password-input-visibility-off-icon"
            role="button"
            viewBox="0 0 24 24"
          >
            <path
              d="M12 7c2.76 0 5 2.24 5 5 0 .65-.13 1.26-.36 1.83l2.92 2.92c1.51-1.26 2.7-2.89 3.43-4.75-1.73-4.39-6-7.5-11-7.5-1.4 0-2.74.25-3.98.7l2.16 2.16C10.74 7.13 11.35 7 12 7zM2 4.27l2.28 2.28.46.46C3.08 8.3 1.78 10.02 1 12c1.73 4.39 6 7.5 11 7.5 1.55 0 3.03-.3 4.38-.84l.42.42L19.73 22 21 20.73 3.27 3 2 4.27zM7.53 9.8l1.55 1.55c-.05.21-.08.43-.08.65 0 1.66 1.34 3 3 3 .22 0 .44-.03.65-.08l1.55 1.55c-.67.33-1.41.53-2.2.53-2.76 0-5-2.24-5-5 0-.79.2-1.53.53-2.2zm4.31-.78 3.15 3.15.02-.16c0-1.66-1.34-3-3-3l-.17.01z"
            />
          </svg>
          <span
            class="MuiTypography-root MuiTypography-caption css-14h0q17-MuiTypography-root"
            id="test-password-input-show-password-text"
          >
            Show
          </span>
        </div>
      </button>
      <fieldset
        aria-hidden="true"
        class="MuiOutlinedInput-notchedOutline css-1d3z3hw-MuiOutlinedInput-notchedOutline"
      >
        <legend
          class="css-14lo706"
        >
          <span>
            Password
          </span>
        </legend>
      </fieldset>
    </div>
  </div>
</div>
`;
