// Jest Snapshot v1, https://goo.gl/fbAQLP

exports[`SubmitButton Should match snapshot 1`] = `
<div>
  <button
    class="MuiButtonBase-root MuiButton-root MuiButton-contained MuiButton-containedPrimary MuiButton-sizeMedium MuiButton-containedSizeMedium MuiButton-root MuiButton-contained MuiButton-containedPrimary MuiButton-sizeMedium MuiButton-containedSizeMedium css-1wsiepl-MuiButtonBase-root-MuiButton-root"
    id="test-submit-button"
    tabindex="0"
    type="button"
  >
    <span
      class="MuiTypography-root MuiTypography-button css-1d96pe3-MuiTypography-root"
      id="test-submit-button-text"
    >
      test
    </span>
    <span
      class="MuiTouchRipple-root css-8je8zh-MuiTouchRipple-root"
    />
  </button>
</div>
`;
