// Jest Snapshot v1, https://goo.gl/fbAQLP

exports[`ForgotPassword Should match snapshot 1`] = `
<div>
  <header
    aria-label="appbar"
    class="MuiPaper-root MuiPaper-elevation MuiPaper-elevation4 MuiAppBar-root MuiAppBar-colorPrimary MuiAppBar-positionStatic css-4zpzyw-MuiPaper-root-MuiAppBar-root"
    id="layout-appbar"
  >
    <div
      aria-label="toolbar"
      class="MuiToolbar-root MuiToolbar-gutters MuiToolbar-regular css-1vjsjks-MuiToolbar-root"
      id="layout-toolbar"
    >
      <div
        aria-label="title"
        class="MuiTypography-root MuiTypography-h6 css-1juivf6-MuiTypography-root"
        id="layout-title"
      >
        Next Auth Scaffold
      </div>
      <div
        class="MuiBox-root css-1ccwaxr"
        id="dark-mode-switch-container"
      >
        <span
          class="MuiSwitch-root MuiSwitch-sizeMedium css-1gsffcl-MuiSwitch-root"
        >
          <span
            class="MuiButtonBase-root MuiSwitch-switchBase MuiSwitch-colorPrimary PrivateSwitchBase-root MuiSwitch-switchBase MuiSwitch-colorPrimary css-1flv81n-MuiButtonBase-root-MuiSwitch-switchBase"
          >
            <input
              aria-label="dark mode switch"
              class="PrivateSwitchBase-input MuiSwitch-input css-1m9pwf3"
              id="dark-mode-switch"
              type="checkbox"
            />
            <svg
              aria-hidden="true"
              class="MuiSvgIcon-root MuiSvgIcon-fontSizeMedium css-i4bv87-MuiSvgIcon-root"
              data-testid="WbSunnyIcon"
              focusable="false"
              id="dark-mode-icon"
              viewBox="0 0 24 24"
            >
              <path
                d="m6.76 4.84-1.8-1.79-1.41 1.41 1.79 1.79 1.42-1.41zM4 10.5H1v2h3v-2zm9-9.95h-2V3.5h2V.55zm7.45 3.91-1.41-1.41-1.79 1.79 1.41 1.41 1.79-1.79zm-3.21 13.7 1.79 1.8 1.41-1.41-1.8-1.79-1.4 1.4zM20 10.5v2h3v-2h-3zm-8-5c-3.31 0-6 2.69-6 6s2.69 6 6 6 6-2.69 6-6-2.69-6-6-6zm-1 16.95h2V19.5h-2v2.95zm-7.45-3.91 1.41 1.41 1.79-1.8-1.41-1.41-1.79 1.8z"
              />
            </svg>
            <span
              class="MuiTouchRipple-root css-8je8zh-MuiTouchRipple-root"
            />
          </span>
          <span
            class="MuiSwitch-track css-1yjjitx-MuiSwitch-track"
          />
        </span>
        <p
          aria-label="dark mode switch label"
          class="MuiTypography-root MuiTypography-body2 css-ait9v5-MuiTypography-root"
          id="dark-mode-switch-label"
        >
          Light Mode
        </p>
      </div>
    </div>
  </header>
  <div
    class="MuiBox-root css-1gy9kbr"
    id="forgot-password-modal-container"
  >
    <h3
      class="MuiTypography-root MuiTypography-h3 css-1jefm3n-MuiTypography-root"
      id="forgot-password-modal-title"
    >
      forgot Password
    </h3>
    <div
      class="MuiBox-root css-oaozcc"
      id="forgot-password-modal-notification-container"
    />
    <div
      class="MuiBox-root css-1knh30t"
      id="forgot-password-modal-form"
    >
      <div
        class="MuiFormControl-root MuiTextField-root css-100z0o4-MuiFormControl-root-MuiTextField-root"
      >
        <label
          class="MuiFormLabel-root MuiInputLabel-root MuiInputLabel-formControl MuiInputLabel-animated MuiInputLabel-outlined MuiFormLabel-colorPrimary MuiInputLabel-root MuiInputLabel-formControl MuiInputLabel-animated MuiInputLabel-outlined css-1xt11zg-MuiFormLabel-root-MuiInputLabel-root"
          data-shrink="false"
          for="forgot-password-email-input"
          id="forgot-password-email-input-label"
        >
          Email
        </label>
        <div
          class="MuiInputBase-root MuiOutlinedInput-root MuiInputBase-colorPrimary MuiInputBase-formControl css-138sa16-MuiInputBase-root-MuiOutlinedInput-root"
        >
          <input
            aria-invalid="false"
            class="MuiInputBase-input MuiOutlinedInput-input css-1t8l2tu-MuiInputBase-input-MuiOutlinedInput-input"
            id="forgot-password-email-input"
            type="email"
            value=""
          />
          <fieldset
            aria-hidden="true"
            class="MuiOutlinedInput-notchedOutline css-1d3z3hw-MuiOutlinedInput-notchedOutline"
          >
            <legend
              class="css-yjsfm1"
            >
              <span>
                Email
              </span>
            </legend>
          </fieldset>
        </div>
      </div>
      <div
        class="MuiBox-root css-1vug9qk"
        id="forgot-password-buttons-container"
      >
        <button
          class="MuiButtonBase-root MuiButton-root MuiButton-contained MuiButton-containedPrimary MuiButton-sizeMedium MuiButton-containedSizeMedium MuiButton-root MuiButton-contained MuiButton-containedPrimary MuiButton-sizeMedium MuiButton-containedSizeMedium css-h8wwgw-MuiButtonBase-root-MuiButton-root"
          id="forgot-password-submit-button"
          tabindex="0"
          type="button"
        >
          <span
            class="MuiTypography-root MuiTypography-button css-7bal64-MuiTypography-root"
            id="forgot-password-submit-button-text"
          >
            Submit
          </span>
          <span
            class="MuiTouchRipple-root css-8je8zh-MuiTouchRipple-root"
          />
        </button>
      </div>
      <div
        class="MuiBox-root css-1tsywmc"
        id="forgot-password-back-modal-note-container"
      >
        <a
          href="/login"
          id="forgot-password-back-modal-note-link"
        >
          <p
            class="MuiTypography-root MuiTypography-body1 css-xer42j-MuiTypography-root"
            id="forgot-password-back-modal-note-link-text"
          >
            Back to Login
          </p>
        </a>
      </div>
    </div>
  </div>
</div>
`;
