// Jest Snapshot v1, https://goo.gl/fbAQLP

exports[`Login Should match snapshot 1`] = `
<div>
  <header
    aria-label="appbar"
    class="MuiPaper-root MuiPaper-elevation MuiPaper-elevation4 MuiAppBar-root MuiAppBar-colorPrimary MuiAppBar-positionStatic css-4zpzyw-MuiPaper-root-MuiAppBar-root"
    id="layout-appbar"
  >
    <div
      aria-label="toolbar"
      class="MuiToolbar-root MuiToolbar-gutters MuiToolbar-regular css-1vjsjks-MuiToolbar-root"
      id="layout-toolbar"
    >
      <div
        aria-label="title"
        class="MuiTypography-root MuiTypography-h6 css-1juivf6-MuiTypography-root"
        id="layout-title"
      >
        Next Auth Scaffold
      </div>
      <div
        class="MuiBox-root css-1ccwaxr"
        id="dark-mode-switch-container"
      >
        <span
          class="MuiSwitch-root MuiSwitch-sizeMedium css-1gsffcl-MuiSwitch-root"
        >
          <span
            class="MuiButtonBase-root MuiSwitch-switchBase MuiSwitch-colorPrimary PrivateSwitchBase-root MuiSwitch-switchBase MuiSwitch-colorPrimary css-1flv81n-MuiButtonBase-root-MuiSwitch-switchBase"
          >
            <input
              aria-label="dark mode switch"
              class="PrivateSwitchBase-input MuiSwitch-input css-1m9pwf3"
              id="dark-mode-switch"
              type="checkbox"
            />
            <svg
              aria-hidden="true"
              class="MuiSvgIcon-root MuiSvgIcon-fontSizeMedium css-i4bv87-MuiSvgIcon-root"
              data-testid="WbSunnyIcon"
              focusable="false"
              id="dark-mode-icon"
              viewBox="0 0 24 24"
            >
              <path
                d="m6.76 4.84-1.8-1.79-1.41 1.41 1.79 1.79 1.42-1.41zM4 10.5H1v2h3v-2zm9-9.95h-2V3.5h2V.55zm7.45 3.91-1.41-1.41-1.79 1.79 1.41 1.41 1.79-1.79zm-3.21 13.7 1.79 1.8 1.41-1.41-1.8-1.79-1.4 1.4zM20 10.5v2h3v-2h-3zm-8-5c-3.31 0-6 2.69-6 6s2.69 6 6 6 6-2.69 6-6-2.69-6-6-6zm-1 16.95h2V19.5h-2v2.95zm-7.45-3.91 1.41 1.41 1.79-1.8-1.41-1.41-1.79 1.8z"
              />
            </svg>
            <span
              class="MuiTouchRipple-root css-8je8zh-MuiTouchRipple-root"
            />
          </span>
          <span
            class="MuiSwitch-track css-1yjjitx-MuiSwitch-track"
          />
        </span>
        <p
          aria-label="dark mode switch label"
          class="MuiTypography-root MuiTypography-body2 css-ait9v5-MuiTypography-root"
          id="dark-mode-switch-label"
        >
          Light Mode
        </p>
      </div>
    </div>
  </header>
  <div
    class="MuiBox-root css-1gy9kbr"
    id="login-modal-container"
  >
    <h3
      class="MuiTypography-root MuiTypography-h3 css-1jefm3n-MuiTypography-root"
      id="login-modal-title"
    >
      Login
    </h3>
    <div
      class="MuiBox-root css-q1d2cl"
      id="login-modal-notification-container"
    />
    <div
      class="MuiBox-root css-1knh30t"
      id="login-modal-form"
    >
      <div
        class="MuiFormControl-root MuiTextField-root css-100z0o4-MuiFormControl-root-MuiTextField-root"
      >
        <label
          class="MuiFormLabel-root MuiInputLabel-root MuiInputLabel-formControl MuiInputLabel-animated MuiInputLabel-outlined MuiFormLabel-colorPrimary MuiInputLabel-root MuiInputLabel-formControl MuiInputLabel-animated MuiInputLabel-outlined css-1xt11zg-MuiFormLabel-root-MuiInputLabel-root"
          data-shrink="false"
          for="login-email-input"
          id="login-email-input-label"
        >
          Email
        </label>
        <div
          class="MuiInputBase-root MuiOutlinedInput-root MuiInputBase-colorPrimary MuiInputBase-formControl css-138sa16-MuiInputBase-root-MuiOutlinedInput-root"
        >
          <input
            aria-invalid="false"
            class="MuiInputBase-input MuiOutlinedInput-input css-1t8l2tu-MuiInputBase-input-MuiOutlinedInput-input"
            id="login-email-input"
            type="email"
            value=""
          />
          <fieldset
            aria-hidden="true"
            class="MuiOutlinedInput-notchedOutline css-1d3z3hw-MuiOutlinedInput-notchedOutline"
          >
            <legend
              class="css-yjsfm1"
            >
              <span>
                Email
              </span>
            </legend>
          </fieldset>
        </div>
      </div>
      <div
        class="MuiFormControl-root MuiTextField-root css-100z0o4-MuiFormControl-root-MuiTextField-root"
      >
        <label
          class="MuiFormLabel-root MuiInputLabel-root MuiInputLabel-formControl MuiInputLabel-animated MuiInputLabel-outlined MuiFormLabel-colorPrimary MuiInputLabel-root MuiInputLabel-formControl MuiInputLabel-animated MuiInputLabel-outlined css-1xt11zg-MuiFormLabel-root-MuiInputLabel-root"
          data-shrink="false"
          for="login-password-input"
          id="login-password-input-label"
        >
          Password
        </label>
        <div
          class="MuiInputBase-root MuiOutlinedInput-root MuiInputBase-colorPrimary MuiInputBase-formControl MuiInputBase-adornedEnd css-76tznm-MuiInputBase-root-MuiOutlinedInput-root"
        >
          <input
            aria-invalid="false"
            class="MuiInputBase-input MuiOutlinedInput-input MuiInputBase-inputAdornedEnd css-nxo287-MuiInputBase-input-MuiOutlinedInput-input"
            id="login-password-input"
            type="password"
            value=""
          />
          <button
            class="MuiButtonBase-root MuiIconButton-root MuiIconButton-sizeMedium css-dpfpu4-MuiButtonBase-root-MuiIconButton-root"
            id="login-password-input-show-hide-button"
            tabindex="0"
            type="button"
          >
            <div
              class="MuiBox-root css-u6v8er"
              id="login-password-box"
            >
              <svg
                aria-hidden="true"
                class="MuiSvgIcon-root MuiSvgIcon-fontSizeMedium css-1hjwbh6-MuiSvgIcon-root"
                data-testid="VisibilityOffIcon"
                focusable="false"
                id="login-password-input-visibility-off-icon"
                viewBox="0 0 24 24"
              >
                <path
                  d="M12 7c2.76 0 5 2.24 5 5 0 .65-.13 1.26-.36 1.83l2.92 2.92c1.51-1.26 2.7-2.89 3.43-4.75-1.73-4.39-6-7.5-11-7.5-1.4 0-2.74.25-3.98.7l2.16 2.16C10.74 7.13 11.35 7 12 7zM2 4.27l2.28 2.28.46.46C3.08 8.3 1.78 10.02 1 12c1.73 4.39 6 7.5 11 7.5 1.55 0 3.03-.3 4.38-.84l.42.42L19.73 22 21 20.73 3.27 3 2 4.27zM7.53 9.8l1.55 1.55c-.05.21-.08.43-.08.65 0 1.66 1.34 3 3 3 .22 0 .44-.03.65-.08l1.55 1.55c-.67.33-1.41.53-2.2.53-2.76 0-5-2.24-5-5 0-.79.2-1.53.53-2.2zm4.31-.78 3.15 3.15.02-.16c0-1.66-1.34-3-3-3l-.17.01z"
                />
              </svg>
              <span
                class="MuiTypography-root MuiTypography-caption css-jqzuwo-MuiTypography-root"
                id="login-password-input-show-password-text"
              >
                Show
              </span>
            </div>
            <span
              class="MuiTouchRipple-root css-8je8zh-MuiTouchRipple-root"
            />
          </button>
          <fieldset
            aria-hidden="true"
            class="MuiOutlinedInput-notchedOutline css-1d3z3hw-MuiOutlinedInput-notchedOutline"
          >
            <legend
              class="css-yjsfm1"
            >
              <span>
                Password
              </span>
            </legend>
          </fieldset>
        </div>
      </div>
      <div
        class="MuiBox-root css-1vug9qk"
        id="login-buttons-container"
      >
        <button
          class="MuiButtonBase-root MuiButton-root MuiButton-contained MuiButton-containedPrimary MuiButton-sizeMedium MuiButton-containedSizeMedium MuiButton-root MuiButton-contained MuiButton-containedPrimary MuiButton-sizeMedium MuiButton-containedSizeMedium css-h8wwgw-MuiButtonBase-root-MuiButton-root"
          id="login-signup-navigation-button"
          tabindex="0"
          type="button"
        >
          Sign up
          <span
            class="MuiTouchRipple-root css-8je8zh-MuiTouchRipple-root"
          />
        </button>
        <button
          class="MuiButtonBase-root MuiButton-root MuiButton-contained MuiButton-containedPrimary MuiButton-sizeMedium MuiButton-containedSizeMedium MuiButton-root MuiButton-contained MuiButton-containedPrimary MuiButton-sizeMedium MuiButton-containedSizeMedium css-h8wwgw-MuiButtonBase-root-MuiButton-root"
          id="login-submit-button"
          tabindex="0"
          type="button"
        >
          <span
            class="MuiTypography-root MuiTypography-button css-7bal64-MuiTypography-root"
            id="login-submit-button-text"
          >
            Log in
          </span>
          <span
            class="MuiTouchRipple-root css-8je8zh-MuiTouchRipple-root"
          />
        </button>
      </div>
      <div
        class="MuiBox-root css-1pf724l"
        id="login-forgot-password-container"
      >
        <label
          for="remember-me-checkbox"
          id="login-forgot-password-label"
          style="display: flex; flex-direction: row; justify-content: center; align-items: center; gap: 1px; color: black; cursor: pointer; font-weight: 600;"
        >
          Remember Me
          <span
            class="MuiButtonBase-root MuiCheckbox-root MuiCheckbox-colorPrimary PrivateSwitchBase-root MuiCheckbox-root MuiCheckbox-colorPrimary Mui-checked MuiCheckbox-root MuiCheckbox-colorPrimary css-15y9kum-MuiButtonBase-root-MuiCheckbox-root"
          >
            <input
              checked=""
              class="PrivateSwitchBase-input css-1m9pwf3"
              data-indeterminate="false"
              id="remember-me-checkbox"
              type="checkbox"
            />
            <svg
              aria-hidden="true"
              class="MuiSvgIcon-root MuiSvgIcon-fontSizeMedium css-i4bv87-MuiSvgIcon-root"
              data-testid="CheckBoxIcon"
              focusable="false"
              viewBox="0 0 24 24"
            >
              <path
                d="M19 3H5c-1.11 0-2 .9-2 2v14c0 1.1.89 2 2 2h14c1.11 0 2-.9 2-2V5c0-1.1-.89-2-2-2zm-9 14l-5-5 1.41-1.41L10 14.17l7.59-7.59L19 8l-9 9z"
              />
            </svg>
            <span
              class="MuiTouchRipple-root css-8je8zh-MuiTouchRipple-root"
            />
          </span>
        </label>
      </div>
      <div
        class="MuiBox-root css-1tsywmc"
        id="login-forgot-password-modal-note-container"
      >
        <a
          href="/forgot-password"
          id="login-forgot-password-modal-note-link"
        >
          <p
            class="MuiTypography-root MuiTypography-body1 css-xer42j-MuiTypography-root"
            id="login-forgot-password-modal-note-link-text"
          >
            Forgot password?
          </p>
        </a>
      </div>
    </div>
  </div>
</div>
`;
