// Jest Snapshot v1, https://goo.gl/fbAQLP

exports[`DashboardDrawer Should math snapshot 1`] = `
<div>
  <main>
    <nav
      aria-label="left-hand drawer dashboard navigation"
      class="MuiBox-root css-r0x2ub"
      id="dashboard-drawer"
    >
      <div
        class="MuiBox-root css-1hnpd1e"
        id="dashboard-drawer-header"
      >
        <div
          class="MuiBox-root css-1vwnqvu"
          id="dashboard-drawer-header-user"
        >
          <label
            for="avatar"
            style="width: 100%;"
          >
            <button
              class="MuiButtonBase-root MuiButton-root MuiButton-text MuiButton-textPrimary MuiButton-sizeMedium MuiButton-textSizeMedium MuiButton-disableElevation MuiButton-root MuiButton-text MuiButton-textPrimary MuiButton-sizeMedium MuiButton-textSizeMedium MuiButton-disableElevation css-186bged-MuiButtonBase-root-MuiButton-root"
              id="dashboard-drawer-user-avatar"
              tabindex="0"
              type="button"
            >
              <div
                class="MuiAvatar-root MuiAvatar-circular css-1oin0wn-MuiAvatar-root"
                id="dashboard-drawer-user-avatar-image"
              >
                <img
                  alt="User's avatar"
                  class="MuiAvatar-img css-1pqm26d-MuiAvatar-img"
                  src="/default_profile.svg"
                />
              </div>
              <p
                class="MuiTypography-root MuiTypography-body1 css-1md76xf-MuiTypography-root"
                id="dashboard-drawer-user-avatar-name"
              >
                User
              </p>
              <span
                class="MuiTouchRipple-root css-8je8zh-MuiTouchRipple-root"
              />
            </button>
          </label>
        </div>
        <ul
          class="MuiList-root MuiList-padding css-16p2v77-MuiList-root"
          id="dashboard-drawer-header-actions"
        >
          <li
            class="MuiListItem-root MuiListItem-gutters MuiListItem-padding css-ykqd4v-MuiListItem-root"
            id="dashboard-drawer-header-actions-home-list-item"
          >
            <a
              aria-labelledby="dashboard-home-drawer-button-label"
              class="MuiTypography-root MuiTypography-inherit MuiLink-root MuiLink-underlineAlways css-hwqx0i-MuiTypography-root-MuiLink-root"
              href="/"
              id="dashboard-home-drawer-link"
              title="Home"
            >
              <p
                class="MuiTypography-root MuiTypography-body1 css-b6p50a-MuiTypography-root"
                id="dashboard-home-drawer-button-label"
              >
                Home
              </p>
              <svg
                aria-hidden="true"
                class="MuiSvgIcon-root MuiSvgIcon-fontSizeMedium css-i4bv87-MuiSvgIcon-root"
                data-testid="HomeIcon"
                focusable="false"
                id="dashboard-home-drawer-icon"
                role="img"
                viewBox="0 0 24 24"
              >
                <path
                  d="M10 20v-6h4v6h5v-8h3L12 3 2 12h3v8z"
                />
              </svg>
            </a>
          </li>
          <li
            class="MuiListItem-root MuiListItem-gutters MuiListItem-padding css-ykqd4v-MuiListItem-root"
            id="dashboard-drawer-header-actions-profile-list-item"
          >
            <a
              aria-labelledby="dashboard-profile-drawer-button-label"
              class="MuiTypography-root MuiTypography-inherit MuiLink-root MuiLink-underlineAlways css-hwqx0i-MuiTypography-root-MuiLink-root"
              href="/profile"
              id="dashboard-profile-drawer-link"
              title="Profile"
            >
              <p
                class="MuiTypography-root MuiTypography-body1 css-b6p50a-MuiTypography-root"
                id="dashboard-profile-drawer-button-label"
              >
                Profile
              </p>
              <svg
                aria-hidden="true"
                class="MuiSvgIcon-root MuiSvgIcon-fontSizeMedium css-i4bv87-MuiSvgIcon-root"
                data-testid="AccountCircleIcon"
                focusable="false"
                id="dashboard-profile-drawer-icon"
                role="img"
                viewBox="0 0 24 24"
              >
                <path
                  d="M12 2C6.48 2 2 6.48 2 12s4.48 10 10 10 10-4.48 10-10S17.52 2 12 2zm0 4c1.93 0 3.5 1.57 3.5 3.5S13.93 13 12 13s-3.5-1.57-3.5-3.5S10.07 6 12 6zm0 14c-2.03 0-4.43-.82-6.14-2.88C7.55 15.8 9.68 15 12 15s4.45.8 6.14 2.12C16.43 19.18 14.03 20 12 20z"
                />
              </svg>
            </a>
          </li>
          <li
            class="MuiListItem-root MuiListItem-gutters MuiListItem-padding css-ykqd4v-MuiListItem-root"
            id="dashboard-drawer-header-actions-settings-list-item"
          >
            <a
              aria-labelledby="dashboard-settings-drawer-button-label"
              class="MuiTypography-root MuiTypography-inherit MuiLink-root MuiLink-underlineAlways css-hwqx0i-MuiTypography-root-MuiLink-root"
              href="/settings"
              id="dashboard-settings-drawer-link"
              title="Settings"
            >
              <p
                class="MuiTypography-root MuiTypography-body1 css-b6p50a-MuiTypography-root"
                id="dashboard-settings-drawer-button-label"
              >
                Settings
              </p>
              <svg
                aria-hidden="true"
                class="MuiSvgIcon-root MuiSvgIcon-fontSizeMedium css-i4bv87-MuiSvgIcon-root"
                data-testid="SettingsIcon"
                focusable="false"
                id="dashboard-settings-drawer-icon"
                role="img"
                viewBox="0 0 24 24"
              >
                <path
                  d="M19.14 12.94c.04-.3.06-.61.06-.94 0-.32-.02-.64-.07-.94l2.03-1.58c.18-.14.23-.41.12-.61l-1.92-3.32c-.12-.22-.37-.29-.59-.22l-2.39.96c-.5-.38-1.03-.7-1.62-.94l-.36-2.54c-.04-.24-.24-.41-.48-.41h-3.84c-.24 0-.43.17-.47.41l-.36 2.54c-.59.24-1.13.57-1.62.94l-2.39-.96c-.22-.08-.47 0-.59.22L2.74 8.87c-.12.21-.08.47.12.61l2.03 1.58c-.05.3-.09.63-.09.94s.02.64.07.94l-2.03 1.58c-.18.14-.23.41-.12.61l1.92 3.32c.12.22.37.29.59.22l2.39-.96c.5.38 1.03.7 1.62.94l.36 2.54c.05.24.24.41.48.41h3.84c.24 0 .44-.17.47-.41l.36-2.54c.59-.24 1.13-.56 1.62-.94l2.39.96c.22.08.47 0 .59-.22l1.92-3.32c.12-.22.07-.47-.12-.61l-2.01-1.58zM12 15.6c-1.98 0-3.6-1.62-3.6-3.6s1.62-3.6 3.6-3.6 3.6 1.62 3.6 3.6-1.62 3.6-3.6 3.6z"
                />
              </svg>
            </a>
          </li>
        </ul>
      </div>
      <ul
        class="MuiList-root MuiList-padding css-1f4h1di-MuiList-root"
        id="dashboard-drawer-footer"
      >
        <li
          class="MuiListItem-root MuiListItem-gutters MuiListItem-padding css-ykqd4v-MuiListItem-root"
          id="dashboard-drawer-footer-color-picker-list-item"
        >
          <button
            class="MuiButtonBase-root MuiIconButton-root MuiIconButton-sizeMedium css-tsm0ra-MuiButtonBase-root-MuiIconButton-root"
            id="dashboard-color-picker-drawer-button"
            tabindex="0"
            type="button"
          >
            <p
              class="MuiTypography-root MuiTypography-body1 css-b6p50a-MuiTypography-root"
              id="dashboard-color-picker-drawer-button-label"
            >
              Theme Color
            </p>
            <svg
              aria-hidden="true"
              class="MuiSvgIcon-root MuiSvgIcon-fontSizeMedium css-i4bv87-MuiSvgIcon-root"
              data-testid="PaletteIcon"
              focusable="false"
              id="dashboard-color-picker-drawer-icon"
              role="img"
              viewBox="0 0 24 24"
            >
              <path
                d="M12 2C6.49 2 2 6.49 2 12s4.49 10 10 10c1.38 0 2.5-1.12 2.5-2.5 0-.61-.23-1.2-.64-1.67-.08-.1-.13-.21-.13-.33 0-.28.22-.5.5-.5H16c3.31 0 6-2.69 6-6 0-4.96-4.49-9-10-9zm5.5 11c-.83 0-1.5-.67-1.5-1.5s.67-1.5 1.5-1.5 1.5.67 1.5 1.5-.67 1.5-1.5 1.5zm-3-4c-.83 0-1.5-.67-1.5-1.5S13.67 6 14.5 6s1.5.67 1.5 1.5S15.33 9 14.5 9zM5 11.5c0-.83.67-1.5 1.5-1.5s1.5.67 1.5 1.5S7.33 13 6.5 13 5 12.33 5 11.5zm6-4c0 .83-.67 1.5-1.5 1.5S8 8.33 8 7.5 8.67 6 9.5 6s1.5.67 1.5 1.5z"
              />
            </svg>
          </button>
        </li>
        <li
          class="MuiListItem-root MuiListItem-gutters MuiListItem-padding css-ykqd4v-MuiListItem-root"
          id="dashboard-drawer-footer-dark-mode-list-item"
        >
          <button
            class="MuiButtonBase-root MuiIconButton-root MuiIconButton-sizeMedium css-tsm0ra-MuiButtonBase-root-MuiIconButton-root"
            id="dashboard-dark-mode-drawer-button"
            tabindex="0"
            type="button"
          >
            <p
              class="MuiTypography-root MuiTypography-body1 css-b6p50a-MuiTypography-root"
              id="dashboard-dark-mode-drawer-button-label"
            >
              Dark Mode
            </p>
            <svg
              aria-hidden="true"
              class="MuiSvgIcon-root MuiSvgIcon-fontSizeMedium css-i4bv87-MuiSvgIcon-root"
              data-testid="Brightness4Icon"
              focusable="false"
              id="dashboard-dark-mode-drawer-icon"
              role="img"
              viewBox="0 0 24 24"
            >
              <path
                d="M20 8.69V4h-4.69L12 .69 8.69 4H4v4.69L.69 12 4 15.31V20h4.69L12 23.31 15.31 20H20v-4.69L23.31 12 20 8.69zM12 18c-.89 0-1.74-.2-2.5-.55C11.56 16.5 13 14.42 13 12s-1.44-4.5-3.5-5.45C10.26 6.2 11.11 6 12 6c3.31 0 6 2.69 6 6s-2.69 6-6 6z"
              />
            </svg>
          </button>
        </li>
        <li
          class="MuiListItem-root MuiListItem-gutters MuiListItem-padding css-ykqd4v-MuiListItem-root"
          id="dashboard-drawer-footer-log-out-list-item"
        >
          <button
            class="MuiButtonBase-root MuiIconButton-root MuiIconButton-sizeMedium css-tsm0ra-MuiButtonBase-root-MuiIconButton-root"
            id="dashboard-log-out-drawer-button"
            tabindex="0"
            type="button"
          >
            <p
              class="MuiTypography-root MuiTypography-body1 css-b6p50a-MuiTypography-root"
              id="dashboard-log-out-drawer-button-label"
            >
              Logout
            </p>
            <svg
              aria-hidden="true"
              class="MuiSvgIcon-root MuiSvgIcon-fontSizeMedium css-i4bv87-MuiSvgIcon-root"
              data-testid="ExitToAppIcon"
              focusable="false"
              id="dashboard-log-out-drawer-icon"
              role="img"
              viewBox="0 0 24 24"
            >
              <path
                d="M10.09 15.59 11.5 17l5-5-5-5-1.41 1.41L12.67 11H3v2h9.67l-2.58 2.59zM19 3H5c-1.11 0-2 .9-2 2v4h2V5h14v14H5v-4H3v4c0 1.1.89 2 2 2h14c1.1 0 2-.9 2-2V5c0-1.1-.9-2-2-2z"
              />
            </svg>
          </button>
        </li>
      </ul>
    </nav>
  </main>
</div>
`;
